// Jest Snapshot v1, https://goo.gl/fbAQLP

exports[`graphql-to-core-types enums 1`] = `
[
  {
    "description": "Compression levels",
    "enum": [
      "None",
      "Low",
      "_2",
      "_3",
      "High",
    ],
    "loc": {
      "end": 93,
      "start": 3,
    },
    "name": "CompressionLevel",
    "title": "CompressionLevel",
    "type": "string",
  },
]
`;

exports[`graphql-to-core-types unions and objects 1`] = `
[
  {
    "description": "Kind of a string",
    "loc": {
      "end": 48,
      "start": 3,
    },
    "name": "Stringish",
    "title": "Stringish",
    "type": "string",
  },
  {
    "description": "string or foo",
    "loc": {
      "end": 97,
      "start": 52,
    },
    "name": "Bar",
    "or": [
      {
        "ref": "Stringish",
        "type": "ref",
      },
      {
        "ref": "Foo",
        "type": "ref",
      },
    ],
    "title": "Bar",
    "type": "or",
  },
  {
    "additionalProperties": false,
    "description": "This is a foo

fyi",
    "loc": {
      "end": 350,
      "start": 101,
    },
    "name": "Foo",
    "properties": {
      "age": {
        "node": {
          "default": "42",
          "description": "optional prop",
          "examples": [
            "4",
            "{
	foo: 'bar'
}",
          ],
          "loc": {
            "end": 312,
            "start": 193,
          },
          "title": "Foo.age",
          "type": "integer",
        },
        "required": false,
      },
      "bar": {
        "node": {
          "description": "The whiskey bar",
          "loc": {
            "end": 346,
            "start": 316,
          },
          "ref": "Bar",
          "title": "Foo.bar",
          "type": "ref",
        },
        "required": true,
      },
      "name": {
        "node": {
          "description": "required prop",
          "elementType": {
            "ref": "Stringish",
            "type": "ref",
          },
          "loc": {
            "end": 188,
            "start": 150,
          },
          "title": "Foo.name",
          "type": "array",
        },
        "required": true,
      },
    },
    "title": "Foo",
    "type": "object",
  },
]
`;
